npx : ts-jest[config] (WARN) 
発生場所 行:1 文字:1
+ npx jest src/infrastructure/firebase/
persistence/timeline/__tests__/T ...
+ ~~~~~~~~~~~~~~~~~~~~~~~~~~~~~~~~~~~~~
~~~~~~~~~~~~~~~~~~~~~~~~~~~~~~~~
    + CategoryInfo          : NotSpeci 
   fied: (ts-jest[config] (WARN) :Str  
  ing) [], RemoteException
    + FullyQualifiedErrorId : NativeCo 
   mmandError
 
    The "ts-jest" config option "isolat
edModules" is deprecated and will be re
moved in v30.0.0. Please use "isolatedM
odules: true" in C:/Users/mosam/Documen
ts/work/taira/git/tetra-backend/tsconfi
g.test.json instead, see https://www.ty
pescriptlang.org/tsconfig/#isolatedModu
les
  
FAIL src/infrastructure/firebase/persis
tence/timeline/__tests__/ThreadReposito
ry.test.ts
  ThreadRepository
    save
      ﾃ・should save a thread (1 ms)
    findById
      ﾃ・should return a thread if found
 (1 ms)
      竏・should return null if not found
 (2 ms)
    delete
      竏・should delete a thread (1 ms)
    softDelete
      竏・should soft delete a thread (1 
ms)
    findByOwnerUserId
      ﾃ・should find threads by owner
    findByParentThreadId
      竏・should return threads for given
 parent (4 ms)
    findRootThreads
      竏・should return threads with no p
arent (1 ms)
    findByMapPointInfoId
      ﾃ・should return thread for point 
info (1 ms)
    findByMapPointInfoIds
      竏・should return threads for multi
ple points (1 ms)

  笳・ThreadRepository 窶ｺ save 窶ｺ should 
save a thread

    Invalid UUID format

    [0m [90m  5 |[39m     [36mprote
cted[39m validate()[33m:[39m [36mvo
id[39m {
     [90m  6 |[39m         [36mif[3
9m ([33m![39m[36mthis[39m[33m.[39
misValid([36mthis[39m[33m.[39mvalue
)) {
    [31m[1m>[22m[39m[90m  7 |[39m
             [36mthrow[39m [36mnew[
39m [33mError[39m([32m'Invalid UUID 
format'[39m)[33m;[39m
     [90m    |[39m                   
[31m[1m^[22m[39m
     [90m  8 |[39m         }
     [90m  9 |[39m     }
     [90m 10 |[39m[0m

      at UserId.validate (src/domain/va
lue-object/users/UserId.ts:7:19)
      at new ValueObject (src/domain/va
lue-object/ValueObject.ts:3:14)
      at new UserId (src/domain/value-o
bject/users/UserId.ts:4:1)
      at Function.fromExisting (src/dom
ain/value-object/users/UserId.ts:18:16)
      at createDummyThread (src/infrast
ructure/firebase/persistence/timeline/_
_tests__/ThreadRepository.test.ts:52:20
)
      at Object.<anonymous> (src/infras
tructure/firebase/persistence/timeline/
__tests__/ThreadRepository.test.ts:59:2
8)

  笳・ThreadRepository 窶ｺ findById 窶ｺ sho
uld return a thread if found

    Invalid UUID format

    [0m [90m  5 |[39m     [36mprote
cted[39m validate()[33m:[39m [36mvo
id[39m {
     [90m  6 |[39m         [36mif[3
9m ([33m![39m[36mthis[39m[33m.[39
misValid([36mthis[39m[33m.[39mvalue
)) {
    [31m[1m>[22m[39m[90m  7 |[39m
             [36mthrow[39m [36mnew[
39m [33mError[39m([32m'Invalid UUID 
format'[39m)[33m;[39m
     [90m    |[39m                   
[31m[1m^[22m[39m
     [90m  8 |[39m         }
     [90m  9 |[39m     }
     [90m 10 |[39m[0m

      at UserId.validate (src/domain/va
lue-object/users/UserId.ts:7:19)
      at new ValueObject (src/domain/va
lue-object/ValueObject.ts:3:14)
      at new UserId (src/domain/value-o
bject/users/UserId.ts:4:1)
      at Function.fromExisting (src/dom
ain/value-object/users/UserId.ts:18:16)
      at ThreadRepository.mapToThread (
src/infrastructure/firebase/persistence
/timeline/ThreadRepository.ts:91:20)
      at ThreadRepository.findById (src
/infrastructure/firebase/persistence/ti
meline/ThreadRepository.ts:39:21)
      at Object.<anonymous> (src/infras
tructure/firebase/persistence/timeline/
__tests__/ThreadRepository.test.ts:95:2
8)

  笳・ThreadRepository 窶ｺ findByOwnerUser
Id 窶ｺ should find threads by owner

    Invalid ID format for ThreadId

    [0m [90m  6 |[39m     [36mprote
cted[39m validate()[33m:[39m [36mvo
id[39m {
     [90m  7 |[39m         [36mif[3
9m ([33m![39m[36mthis[39m[33m.[39
misValid([36mthis[39m[33m.[39mvalue
)) {
    [31m[1m>[22m[39m[90m  8 |[39m
             [36mthrow[39m [36mnew[
39m [33mError[39m([32m`Invalid ID fo
rmat for ${this.constructor.name}`[39m
)[33m;[39m
     [90m    |[39m                   
[31m[1m^[22m[39m
     [90m  9 |[39m         }
     [90m 10 |[39m     }
     [90m 11 |[39m[0m

      at ThreadId.validate (src/domain/
value-object/IdValueObject.ts:8:19)
      at new ValueObject (src/domain/va
lue-object/ValueObject.ts:3:14)
      at new ThreadId (src/domain/value
-object/timeline/threadId.ts:6:9)
      at Function.fromExisting (src/dom
ain/value-object/timeline/threadId.ts:1
4:16)
      at ThreadRepository.mapToThread (
src/infrastructure/firebase/persistence
/timeline/ThreadRepository.ts:87:22)
      at src/infrastructure/firebase/pe
rsistence/timeline/ThreadRepository.ts:
116:31
          at Array.forEach (<anonymous>
)
      at ThreadRepository.mapDocsToThre
ads (src/infrastructure/firebase/persis
tence/timeline/ThreadRepository.ts:113:
18)
      at ThreadRepository.findByOwnerUs
erId (src/infrastructure/firebase/persi
stence/timeline/ThreadRepository.ts:52:
21)
      at Object.<anonymous> (src/infras
tructure/firebase/persistence/timeline/
__tests__/ThreadRepository.test.ts:153:
29)

  笳・ThreadRepository 窶ｺ findByMapPointI
nfoId 窶ｺ should return thread for point
 info

    Invalid ID format for ThreadId

    [0m [90m  6 |[39m     [36mprote
cted[39m validate()[33m:[39m [36mvo
id[39m {
     [90m  7 |[39m         [36mif[3
9m ([33m![39m[36mthis[39m[33m.[39
misValid([36mthis[39m[33m.[39mvalue
)) {
    [31m[1m>[22m[39m[90m  8 |[39m
             [36mthrow[39m [36mnew[
39m [33mError[39m([32m`Invalid ID fo
rmat for ${this.constructor.name}`[39m
)[33m;[39m
     [90m    |[39m                   
[31m[1m^[22m[39m
     [90m  9 |[39m         }
     [90m 10 |[39m     }
     [90m 11 |[39m[0m

      at ThreadId.validate (src/domain/
value-object/IdValueObject.ts:8:19)
      at new ValueObject (src/domain/va
lue-object/ValueObject.ts:3:14)
      at new ThreadId (src/domain/value
-object/timeline/threadId.ts:6:9)
      at Function.fromExisting (src/dom
ain/value-object/timeline/threadId.ts:1
4:16)
      at ThreadRepository.mapToThread (
src/infrastructure/firebase/persistence
/timeline/ThreadRepository.ts:87:22)
      at ThreadRepository.findByMapPoin
tInfoId (src/infrastructure/firebase/pe
rsistence/timeline/ThreadRepository.ts:
165:21)
      at Object.<anonymous> (src/infras
tructure/firebase/persistence/timeline/
__tests__/ThreadRepository.test.ts:203:
28)

Test Suites: 1 failed, 1 total
Tests:       4 failed, 6 passed, 10 tot
al
Snapshots:   0 total
Time:        0.604 s, estimated 1 s
Ran all test suites matching /src\\infr
astructure\\firebase\\persistence\\time
line\\__tests__\\ThreadRepository.test.
ts/i.
